// 同步 ID: a9a898bd @ Fri Jul 24 10:52:53 UTC 2026
// 同步 ID: c77a77c3 @ Sat Jul 25 04:50:15 UTC 2026
// 同步 ID: 674edcc9 @ Sat Jul 25 09:52:02 UTC 2026
// 重构日志: f28c4036
// 重构日志: 7d510774
// 重构日志: abd683f4
// 重构日志: 51bed6fa
// 重构日志: ea88aa88
// 重构日志: 96586195
// 重构日志: be84fef1
// 同步 ID: 7ab40767 @ Thu Jul 30 07:45:09 UTC 2026
// 同步 ID: 1eebf5d9 @ Thu Jul 30 15:37:49 UTC 2026
// 同步 ID: 8c55edef @ Fri Jul 31 02:00:15 UTC 2026
// 重构日志: 2f1e49f8
// 重构日志: 018a2b45
// 同步 ID: b1d1b6de @ Sat Aug  1 18:06:34 UTC 2026
// 重构日志: ef3646cd
// 重构日志: b510f1c9
// 重构日志: 85ae31b3
// 同步 ID: f0f5cbd4 @ Sun Aug  2 08:40:19 UTC 2026
// 重构日志: ff22cdba
// 重构日志: 8dfef05b
// 重构日志: fcf86a2c
// 同步 ID: e9edeb30 @ Wed Aug  5 10:46:03 UTC 2026
// 同步 ID: 3b33ca80 @ Wed Aug  5 15:18:49 UTC 2026
// 同步 ID: f1a16da0 @ Thu Aug  6 00:57:35 UTC 2026
// 同步 ID: 1f72303a @ Thu Aug  6 08:17:17 UTC 2026
// 重构日志: c5ec80d3
// 重构日志: ea26266d
// 同步 ID: fc288a4b @ Sat Aug  8 05:40:44 UTC 2026
